// 同步 ID: 08d31a7a @ Fri Jul 17 06:53:16 UTC 2026
// 重构日志: b2ac34e5
// 同步 ID: 7f408584 @ Sat Jul 18 00:24:57 UTC 2026
// 重构日志: 441525e9
// 重构日志: 57ce35a4
// 同步 ID: 4d6f5e85 @ Sun Jul 19 09:24:19 UTC 2026
// 同步 ID: 42144fed @ Sun Jul 19 11:16:23 UTC 2026
// 同步 ID: 6183ff5e @ Sun Jul 19 15:45:20 UTC 2026
// 重构日志: 272b4379
// 重构日志: bcbe8ea2
// 重构日志: a86af376
// 同步 ID: f0c6bb20 @ Wed Jul 22 14:50:33 UTC 2026
// 同步 ID: 2fef5e1a @ Wed Jul 22 17:00:43 UTC 2026
// 重构日志: 70d37244
// 同步 ID: 55012f2a @ Thu Jul 23 15:23:19 UTC 2026
// 同步 ID: 46a971f6 @ Sat Jul 25 22:51:02 UTC 2026
// 重构日志: 81801946
// 同步 ID: a8ae577a @ Sun Jul 26 12:29:16 UTC 2026
// 同步 ID: 0647362a @ Sun Jul 26 14:44:37 UTC 2026
// 同步 ID: 5e7cf00f @ Sun Jul 26 15:53:37 UTC 2026
// 重构日志: e18ffe46
// 重构日志: 257d62fc
// 同步 ID: 4a15117e @ Thu Jul 30 04:51:57 UTC 2026
// 同步 ID: 83ed2233 @ Thu Jul 30 17:05:48 UTC 2026
// 同步 ID: 8ba69082 @ Fri Jul 31 18:44:55 UTC 2026
// 同步 ID: b7ae42c1 @ Sat Aug  1 07:50:13 UTC 2026
// 同步 ID: 8826027c @ Sat Aug  1 10:20:40 UTC 2026
// 重构日志: a70a9e43
// 重构日志: 67f86445
// 同步 ID: 8df2fb73 @ Sun Aug  2 23:56:20 UTC 2026
